// Jest Snapshot v1, https://goo.gl/fbAQLP

exports[`Test Login Screen It should match initial snapshot 1`] = `
<View
  style={
    Object {
      "flex": 1,
    }
  }
>
  <View
    style={
      Object {
        "flex": 1,
      }
    }
  >
    <Image
      source={
        Object {
          "testUri": "../../../images/PYh.gif",
        }
      }
    />
    <View
      style={
        Object {
          "flexDirection": "row",
          "justifyContent": "space-between",
          "margin": 20,
        }
      }
    />
    <ForwardRef
      onPress={[Function]}
      style={
        Object {
          "alignItems": "center",
          "backgroundColor": "#859a9b",
          "borderRadius": 20,
          "flex": -1,
          "flexDirection": "row",
          "justifyContent": "space-between",
          "marginBottom": 20,
          "marginLeft": 110,
          "marginRight": 110,
          "padding": 10,
          "shadowColor": "#303838",
          "shadowOffset": Object {
            "height": 5,
            "width": 0,
          },
          "shadowOpacity": 0.35,
          "shadowRadius": 10,
        }
      }
    >
      <Image
        source={
          Object {
            "testUri": "../../../images/Google.png",
          }
        }
      />
      <Text>
         Login with Google
      </Text>
    </ForwardRef>
  </View>
</View>
`;
